env: load .env
env: export EXPO_PUBLIC_MAPBOX_TOKEN RNMAPBOX_MAPS_DOWNLOAD_TOKEN
Starting project at /Users/scottybe/workspace/mariners-ai-grid
Starting Metro Bundler
Waiting on http://localhost:8081
Logs for your project will appear below.
iOS ./index.ts ░░░░░░░░░░░░░░░░  0.0% (0/1)
iOS Bundled 3408ms index.ts (1443 modules)
 WARN  SafeAreaView has been deprecated and will be removed in a future release. Please use 'react-native-safe-area-context' instead. See https://github.com/th3rdwave/react-native-safe-area-context
 LOG  [SeedManager] Initialized with 8 seeds
 LOG  [Identity] Existing Shadow ID loaded: dd0f3e9c-edee-48ef-bdc6-df7500beb732
 LOG  [RemoteConfig] Initializing...
 LOG  [RemoteConfig] Base flags loaded from app.config.js
 LOG  [RemoteConfig] Active Flags: {"experimentalSlicer": false, "nightWatch": false, "socialReporting": true}
 LOG  [App] Initializing op-sqlite (Zero Latency)...
 LOG  [Identity] Existing Shadow ID loaded: dd0f3e9c-edee-48ef-bdc6-df7500beb732
 LOG  [VecDB] Mariner AI Grid Vector Engine: vv0.1.6
 LOG  [VecDB] Initialized successfully
 LOG  [VesselSnapshot] Initialized
 LOG  [GridSync] Initialized
 WARN  [GridSync] Failed to register background sync: [Error: Calling the 'registerTaskAsync' function has failed
→ Caused by: Background Task has not been configured. To enable it, add `process` to `UIBackgroundModes` in the application's Info.plist file]
 LOG  [Telemetry] Initializing with source: device
 LOG  Attempting connection to Signal K: ws://localhost:3000/signalk/v1/stream
 LOG  ⚓ Signal K Bridge Connection Closed
 LOG  [SeedManager] Downloading seed: mock_a9cafafcfcb1_2026011900.seed.zst
 LOG  [SeedReader] Reading: file:///var/mobile/Containers/Data/Application/264FAA64-9F41-4F9B-A83A-6E35BC45A4BC/Documents/seeds/mock_a9cafafcfcb1_2026011900.seed.zst
 LOG  [SeedReader] Decompressing 1281992 bytes...
 LOG  [SeedReader] Decompressed size: 1747953 bytes
 LOG  [SeedReader] Parsed Seed: mock_a9cafafcfcb1_2026011900 (mock_hres)
 LOG  [SeedManager] Seed ready: seed_1768887065109_mock_a9cafafcfcb1_20
 LOG  [useSeedManager] Selected seed: seed_1768887065109_mock_a9cafafcfcb1_20, timestep: 0
 LOG  [SeedManager] Forcing Parquet download...
 LOG  [SeedManager] Downloading seed: mock_hres_a9cafafcfcb1_2026011912.parquet
 WARN  [SeedManager] Failed to fetch Parquet Seed: [Error: Unable to download a file: Could not connect to the server.]
 LOG  [SeedManager] Initialized with 9 seeds
iOS ./index.ts ░░░░░░░░░░░░░░░░  0.0% (0/1)
iOS Bundled 31ms index.ts (1 module)
 WARN  SafeAreaView has been deprecated and will be removed in a future release. Please use 'react-native-safe-area-context' instead. See https://github.com/th3rdwave/react-native-safe-area-context
 LOG  [SeedManager] Forcing Parquet download...
 LOG  [SeedManager] Downloading seed: mock_hres_a9cafafcfcb1_2026011912.parquet
 LOG  [Identity] Existing Shadow ID loaded: 80515965-9a3d-47ee-a485-0d53a06331de
 LOG  [RemoteConfig] Initializing...
 LOG  [RemoteConfig] Base flags loaded from app.config.js
 LOG  [RemoteConfig] Active Flags: {"experimentalSlicer": false, "nightWatch": false, "socialReporting": true}
 LOG  [App] Initializing op-sqlite (Zero Latency)...
 WARN  [SeedManager] Failed to fetch Parquet Seed: [Error: Unable to download a file: Could not connect to the server.]
 LOG  [SeedManager] Initialized with 10 seeds
 LOG  [VecDB] Mariner AI Grid Vector Engine: vv0.1.6
 LOG  [VecDB] Initialized successfully
 LOG  [VesselSnapshot] Initialized
 LOG  [GridSync] Initialized
 WARN  Background tasks are not supported on iOS simulators. Skipped registering task: MARINERS_GRID_SYNC.
 LOG  [GridSync] Background sync registered
 LOG  [Telemetry] Initializing with source: device
 LOG  Attempting connection to Signal K: ws://localhost:3000/signalk/v1/stream
 LOG  ⚓ Signal K Bridge Connection Closed
 LOG  [SeedManager] Downloading seed: mock_a9cafafcfcb1_2026011900.seed.zst
 LOG  [SeedReader] Reading: file:///Users/scottybe/Library/Developer/CoreSimulator/Devices/AAB54C88-21FE-4FA3-A4A5-27E5F9E3A0DB/data/Containers/Data/Application/7DCCAABC-46FE-49A6-80F8-024CB445C690/Documents/seeds/mock_a9cafafcfcb1_2026011900.seed.zst
 LOG  [SeedReader] Decompressing 1281992 bytes...
 LOG  [SeedReader] Decompressed size: 1747953 bytes
 LOG  [SeedReader] Parsed Seed: mock_a9cafafcfcb1_2026011900 (mock_hres)
 LOG  [SeedManager] Seed ready: seed_1768887147835_mock_a9cafafcfcb1_20
 LOG  [useSeedManager] Selected seed: seed_1768887147835_mock_a9cafafcfcb1_20, timestep: 0
 LOG  [SeedManager] Forcing Parquet download...
 LOG  [SeedManager] Downloading seed: mock_hres_a9cafafcfcb1_2026011912.parquet
 WARN  [SeedManager] Failed to fetch Parquet Seed: [Error: Unable to download a file: Could not connect to the server.]
 LOG  [SeedManager] Initialized with 11 seeds
 LOG  [SeedManager] Forcing Parquet download...
 LOG  [SeedManager] Downloading seed: mock_hres_a9cafafcfcb1_2026011912.parquet
 WARN  [SeedManager] Failed to fetch Parquet Seed: [Error: Unable to download a file: Could not connect to the server.]
 LOG  [SeedManager] Initialized with 9 seeds
